{"HostConfigHash":"98575fd","CardHash":"a558992","Error":null}