{"HostConfigHash":"2f5b0c4","CardHash":"1fe7dff","Error":null}