{"HostConfigHash":"5ebebbc","CardHash":"71dec5d","Error":null}