{"HostConfigHash":"ca7ce47","CardHash":"59aedb8","Error":null}