{"HostConfigHash":"a0badaa","CardHash":"a558992","Error":null}