{"HostConfigHash":"4bd71a7","CardHash":"71dec5d","Error":null}