{"HostConfigHash":"2f5b0c4","CardHash":"a558992","Error":null}