{"HostConfigHash":"98575fd","CardHash":"1fe7dff","Error":null}