{"HostConfigHash":"f955a37","CardHash":"a558992","Error":null}