{"HostConfigHash":"5ebebbc","CardHash":"1fe7dff","Error":null}