{"HostConfigHash":"ca7ce47","CardHash":"a558992","Error":null}