{"HostConfigHash":"4bd71a7","CardHash":"1fe7dff","Error":null}