{"HostConfigHash":"ca7ce47","CardHash":"1fe7dff","Error":null}