{"HostConfigHash":"5ebebbc","CardHash":"a558992","Error":null}