{"HostConfigHash":"a0badaa","CardHash":"1fe7dff","Error":null}