{"HostConfigHash":"98575fd","CardHash":"0d4d404","Error":null}