{"HostConfigHash":"f955a37","CardHash":"1fe7dff","Error":null}