{"HostConfigHash":"f955a37","CardHash":"59aedb8","Error":null}