{"HostConfigHash":"2f5b0c4","CardHash":"0d4d404","Error":null}