{"HostConfigHash":"f6d6374","CardHash":"a558992","Error":null}