{"HostConfigHash":"4bd71a7","CardHash":"a558992","Error":null}