{"HostConfigHash":"a0badaa","CardHash":"e0750fa","Error":null}