{"HostConfigHash":"f6d6374","CardHash":"1fe7dff","Error":null}