{"HostConfigHash":"f6d6374","CardHash":"0d4d404","Error":null}